// Jest Snapshot v1, https://goo.gl/fbAQLP

exports[`renders selectable unit renders dropdown 1`] = `
<div
  className="simple-modal"
  id="selectableUnitDrawer"
>
  <ul>
    <li>
      <button
        data-value="ETHER"
        onClick={[Function]}
      >
        ETHER
      </button>
    </li>
  </ul>
</div>
`;
